„Çπ„ÇØ„É™„Éó„Éà„ÅØ Thu Feb 22 10:54:03 2018
 „Å´ÈñãÂßã„Åó„Åæ„Åó„Åü[?1034hbash-4.2$ ./mck-mcexec.sh ./killit -np 16 -t 2000 - ./signalonfork -nosignal
SUCCESS kmsg
SUCCESS clear_kmsg
SUCCESS mcexec
SUCCESS ./killit -np 16 -t 2000 mcexec ./signalonfork -nosignal
SUCCESS kmsg
FAIL kmsg 25 lines
[  7]: do_syscall: proxy PID 29798 is dead, terminate()
[  7]: ERROR: forking host process
[  0]: do_syscall: proxy PID 29792 is dead, terminate()
[  0]: ERROR: forking host process
[  5]: do_syscall: proxy PID 29800 is dead, terminate()
[  5]: ERROR: forking host process
[ 10]: do_syscall: proxy PID 29791 is dead, terminate()
[ 10]: ERROR: forking host process
[  2]: do_syscall: proxy PID 29801 is dead, terminate()
[  2]: ERROR: forking host process
[ 15]: do_syscall: proxy PID 29803 is dead, terminate()
[ 15]: ERROR: forking host process
[ 13]: do_syscall: proxy PID 29805 is dead, terminate()
[ 13]: ERROR: forking host process
[  6]: do_syscall: proxy PID 29793 is dead, terminate()
[  6]: ERROR: forking host process
[  1]: do_syscall: proxy PID 29796 is dead, terminate()
[  1]: ERROR: forking host process
[  8]: do_syscall: proxy PID 29797 is dead, terminate()
[  8]: ERROR: forking host process
[  3]: do_syscall: proxy PID 29804 is dead, terminate()
[  3]: ERROR: forking host process
[ 12]: do_syscall: proxy PID 29806 is dead, terminate()
[ 12]: ERROR: forking host process

bash-4.2$ ./ihkosctl 0 ioctl 40000000 1
bash-4.2$ ./ihkosctl 0 ioctl 40000000 2
bash-4.2$ ./ihkosctl 0 kmsg
[  7]: do_syscall: proxy PID 29798 is dead, terminate()
[  7]: ERROR: forking host process
[  0]: do_syscall: proxy PID 29792 is dead, terminate()
[  0]: ERROR: forking host process
[  5]: do_syscall: proxy PID 29800 is dead, terminate()
[  5]: ERROR: forking host process
[ 10]: do_syscall: proxy PID 29791 is dead, terminate()
[ 10]: ERROR: forking host process
[  2]: do_syscall: proxy PID 29801 is dead, terminate()
[  2]: ERROR: forking host process
[ 15]: do_syscall: proxy PID 29803 is dead, terminate()
[ 15]: ERROR: forking host process
[ 13]: do_syscall: proxy PID 29805 is dead, terminate()
[ 13]: ERROR: forking host process
[  6]: do_syscall: proxy PID 29793 is dead, terminate()
[  6]: ERROR: forking host process
[  1]: do_syscall: proxy PID 29796 is dead, terminate()
[  1]: ERROR: forking host process
[  8]: do_syscall: proxy PID 29797 is dead, terminate()
[  8]: ERROR: forking host process
[  3]: do_syscall: proxy PID 29804 is dead, terminate()
[  3]: ERROR: forking host process
[ 12]: do_syscall: proxy PID 29806 is dead, terminate()
[ 12]: ERROR: forking host process
[  0]: 0 processes are found.
[  0]: 0 threads are found.

bash-4.2$ ps axg|grep mcexec
 6021 pts/1    S+     0:00 grep mcexec
bash-4.2$ ./mck-mcexec.sh ./killit -np 16 -t 2000 - ./signalonfork -nosignal
SUCCESS kmsg
SUCCESS clear_kmsg
SUCCESS mcexec
SUCCESS ./killit -np 16 -t 2000 mcexec ./signalonfork -nosignal
SUCCESS kmsg
FAIL kmsg 30 lines
[  6]: do_syscall: proxy PID 6078 is dead, terminate()
[  6]: ERROR: forking host process
[ 14]: do_syscall: proxy PID 6086 is dead, terminate()
[ 10]: do_syscall: proxy PID 6077 is dead, terminate()
[ 10]: ERROR: forking host process
[  9]: do_syscall: proxy PID 6076 is dead, terminate()
[  9]: ERROR: forking host process
[  4]: do_syscall: proxy PID 6081 is dead, terminate()
[  4]: ERROR: forking host process
[  5]: do_syscall: proxy PID 6075 is dead, terminate()
[  5]: ERROR: forking host process
[ 11]: do_syscall: proxy PID 6082 is dead, terminate()
[ 11]: ERROR: forking host process
[  3]: do_syscall: proxy PID 6073 is dead, terminate()
[  3]: ERROR: forking host process
[ 12]: do_syscall: proxy PID 6084 is dead, terminate()
[ 12]: ERROR: forking host process
[  8]: do_syscall: proxy PID 6085 is dead, terminate()
[  8]: ERROR: forking host process
[  1]: do_syscall: proxy PID 6074 is dead, terminate()
[  1]: ERROR: forking host process
[  0]: do_syscall: proxy PID 6072 is dead, terminate()
[  0]: ERROR: forking host process
[  7]: do_syscall: proxy PID 6083 is dead, terminate()
[  7]: ERROR: forking host process
[  2]: do_syscall: proxy PID 6080 is dead, terminate()
[  2]: ERROR: forking host process
[ 13]: do_syscall: proxy PID 6079 is dead, terminate()
[ 13]: ERROR: forking host process

bash-4.2$ ./ihkosctl 0 ioctl 40000000 1
bash-4.2$ ./ihkosctl 0 ioctl 40000000 2
bash-4.2$ ./ihkosctl 0 kmsg
[  6]: do_syscall: proxy PID 6078 is dead, terminate()
[  6]: ERROR: forking host process
[ 14]: do_syscall: proxy PID 6086 is dead, terminate()
[ 10]: do_syscall: proxy PID 6077 is dead, terminate()
[ 10]: ERROR: forking host process
[  9]: do_syscall: proxy PID 6076 is dead, terminate()
[  9]: ERROR: forking host process
[  4]: do_syscall: proxy PID 6081 is dead, terminate()
[  4]: ERROR: forking host process
[  5]: do_syscall: proxy PID 6075 is dead, terminate()
[  5]: ERROR: forking host process
[ 11]: do_syscall: proxy PID 6082 is dead, terminate()
[ 11]: ERROR: forking host process
[  3]: do_syscall: proxy PID 6073 is dead, terminate()
[  3]: ERROR: forking host process
[ 12]: do_syscall: proxy PID 6084 is dead, terminate()
[ 12]: ERROR: forking host process
[  8]: do_syscall: proxy PID 6085 is dead, terminate()
[  8]: ERROR: forking host process
[  1]: do_syscall: proxy PID 6074 is dead, terminate()
[  1]: ERROR: forking host process
[  0]: do_syscall: proxy PID 6072 is dead, terminate()
[  0]: ERROR: forking host process
[  7]: do_syscall: proxy PID 6083 is dead, terminate()
[  7]: ERROR: forking host process
[  2]: do_syscall: proxy PID 6080 is dead, terminate()
[  2]: ERROR: forking host process
[ 13]: do_syscall: proxy PID 6079 is dead, terminate()
[ 13]: ERROR: forking host process
[  0]: 0 processes are found.
[  0]: 0 threads are found.

bash-4.2$ ps axg|grep mcexec
14805 pts/1    S+     0:00 grep mcexec
bash-4.2$ ./mck-mcexec.sh ./killit -np 16 -t 2000 - ./signalonfork -nosignal
SUCCESS kmsg
SUCCESS clear_kmsg
SUCCESS mcexec
SUCCESS ./killit -np 16 -t 2000 mcexec ./signalonfork -nosignal
SUCCESS kmsg
FAIL kmsg 33 lines
[ 11]: do_syscall: proxy PID 14833 is dead, terminate()
[ 11]: ERROR: forking host process
[  3]: do_syscall: proxy PID 14819 is dead, terminate()
[  3]: ERROR: forking host process
[  0]: do_syscall: proxy PID 14824 is dead, terminate()
[  0]: ERROR: forking host process
[  9]: do_syscall: proxy PID 14826 is dead, terminate()
[  9]: ERROR: forking host process
[  7]: do_syscall: proxy PID 14825 is dead, terminate()
[  7]: ERROR: forking host process
[  2]: do_syscall: proxy PID 14823 is dead, terminate()
[  2]: ERROR: forking host process
[  4]: do_syscall: proxy PID 14820 is dead, terminate()
[  4]: ERROR: forking host process
[  8]: do_syscall: proxy PID 14829 is dead, terminate()
[  8]: ERROR: forking host process
[  5]: do_syscall: proxy PID 14821 is dead, terminate()
[  5]: ERROR: forking host process
[  6]: do_syscall: proxy PID 14830 is dead, terminate()
[  6]: ERROR: forking host process
[ 10]: do_syscall: proxy PID 14822 is dead, terminate()
[ 10]: ERROR: forking host process
[  1]: do_syscall: proxy PID 14818 is dead, terminate()
[  1]: ERROR: forking host process
[ 13]: do_syscall: proxy PID 14828 is dead, terminate()
[ 13]: ERROR: forking host process
[ 12]: do_syscall: proxy PID 14832 is dead, terminate()
[ 12]: ERROR: forking host process
[ 14]: do_syscall: proxy PID 14827 is dead, terminate()
[ 14]: ERROR: forking host process
[ 15]: do_syscall: proxy PID 14831 is dead, terminate()
[ 15]: ERROR: forking host process

bash-4.2$ ./ihkosctl 0 ioctl 40000000 1
bash-4.2$ ./ihkosctl 0 ioctl 40000000 2
bash-4.2$ ./ihkosctl 0 kmsg
[ 11]: do_syscall: proxy PID 14833 is dead, terminate()
[ 11]: ERROR: forking host process
[  3]: do_syscall: proxy PID 14819 is dead, terminate()
[  3]: ERROR: forking host process
[  0]: do_syscall: proxy PID 14824 is dead, terminate()
[  0]: ERROR: forking host process
[  9]: do_syscall: proxy PID 14826 is dead, terminate()
[  9]: ERROR: forking host process
[  7]: do_syscall: proxy PID 14825 is dead, terminate()
[  7]: ERROR: forking host process
[  2]: do_syscall: proxy PID 14823 is dead, terminate()
[  2]: ERROR: forking host process
[  4]: do_syscall: proxy PID 14820 is dead, terminate()
[  4]: ERROR: forking host process
[  8]: do_syscall: proxy PID 14829 is dead, terminate()
[  8]: ERROR: forking host process
[  5]: do_syscall: proxy PID 14821 is dead, terminate()
[  5]: ERROR: forking host process
[  6]: do_syscall: proxy PID 14830 is dead, terminate()
[  6]: ERROR: forking host process
[ 10]: do_syscall: proxy PID 14822 is dead, terminate()
[ 10]: ERROR: forking host process
[  1]: do_syscall: proxy PID 14818 is dead, terminate()
[  1]: ERROR: forking host process
[ 13]: do_syscall: proxy PID 14828 is dead, terminate()
[ 13]: ERROR: forking host process
[ 12]: do_syscall: proxy PID 14832 is dead, terminate()
[ 12]: ERROR: forking host process
[ 14]: do_syscall: proxy PID 14827 is dead, terminate()
[ 14]: ERROR: forking host process
[ 15]: do_syscall: proxy PID 14831 is dead, terminate()
[ 15]: ERROR: forking host process
[  0]: 0 processes are found.
[  0]: 0 threads are found.

bash-4.2$ ps axg|grep mcexec
23388 pts/1    S+     0:00 grep mcexec
bash-4.2$ ./mck-mcexec.sh ./killit -np 16 -t 2000 - ./signalonfork -nosignal
SUCCESS kmsg
SUCCESS clear_kmsg
SUCCESS mcexec
SUCCESS ./killit -np 16 -t 2000 mcexec ./signalonfork -nosignal
SUCCESS kmsg
FAIL kmsg 33 lines
[ 14]: do_syscall: proxy PID 23412 is dead, terminate()
[ 14]: ERROR: forking host process
[ 15]: do_syscall: proxy PID 23403 is dead, terminate()
[ 15]: ERROR: forking host process
[  1]: do_syscall: proxy PID 23401 is dead, terminate()
[  1]: ERROR: forking host process
[  0]: do_syscall: proxy PID 23405 is dead, terminate()
[  0]: ERROR: forking host process
[  2]: do_syscall: proxy PID 23404 is dead, terminate()
[  2]: ERROR: forking host process
[  3]: do_syscall: proxy PID 23402 is dead, terminate()
[  3]: ERROR: forking host process
[  4]: do_syscall: proxy PID 23414 is dead, terminate()
[  4]: ERROR: forking host process
[  5]: do_syscall: proxy PID 23413 is dead, terminate()
[  5]: ERROR: forking host process
[  8]: do_syscall: proxy PID 23407 is dead, terminate()
[  8]: ERROR: forking host process
[  6]: do_syscall: proxy PID 23411 is dead, terminate()
[  6]: ERROR: forking host process
[ 13]: do_syscall: proxy PID 23416 is dead, terminate()
[ 13]: ERROR: forking host process
[ 12]: do_syscall: proxy PID 23410 is dead, terminate()
[ 12]: ERROR: forking host process
[  9]: do_syscall: proxy PID 23406 is dead, terminate()
[  9]: ERROR: forking host process
[  7]: do_syscall: proxy PID 23409 is dead, terminate()
[  7]: ERROR: forking host process
[ 10]: do_syscall: proxy PID 23408 is dead, terminate()
[ 10]: ERROR: forking host process
[ 11]: do_syscall: proxy PID 23415 is dead, terminate()
[ 11]: ERROR: forking host process

bash-4.2$ ./ihkosctl 0 ioctl 40000000 1
bash-4.2$ ./ihkosctl 0 ioctl 40000000 2
bash-4.2$ ./ihkosctl 0 kmsg
[ 14]: do_syscall: proxy PID 23412 is dead, terminate()
[ 14]: ERROR: forking host process
[ 15]: do_syscall: proxy PID 23403 is dead, terminate()
[ 15]: ERROR: forking host process
[  1]: do_syscall: proxy PID 23401 is dead, terminate()
[  1]: ERROR: forking host process
[  0]: do_syscall: proxy PID 23405 is dead, terminate()
[  0]: ERROR: forking host process
[  2]: do_syscall: proxy PID 23404 is dead, terminate()
[  2]: ERROR: forking host process
[  3]: do_syscall: proxy PID 23402 is dead, terminate()
[  3]: ERROR: forking host process
[  4]: do_syscall: proxy PID 23414 is dead, terminate()
[  4]: ERROR: forking host process
[  5]: do_syscall: proxy PID 23413 is dead, terminate()
[  5]: ERROR: forking host process
[  8]: do_syscall: proxy PID 23407 is dead, terminate()
[  8]: ERROR: forking host process
[  6]: do_syscall: proxy PID 23411 is dead, terminate()
[  6]: ERROR: forking host process
[ 13]: do_syscall: proxy PID 23416 is dead, terminate()
[ 13]: ERROR: forking host process
[ 12]: do_syscall: proxy PID 23410 is dead, terminate()
[ 12]: ERROR: forking host process
[  9]: do_syscall: proxy PID 23406 is dead, terminate()
[  9]: ERROR: forking host process
[  7]: do_syscall: proxy PID 23409 is dead, terminate()
[  7]: ERROR: forking host process
[ 10]: do_syscall: proxy PID 23408 is dead, terminate()
[ 10]: ERROR: forking host process
[ 11]: do_syscall: proxy PID 23415 is dead, terminate()
[ 11]: ERROR: forking host process
[  0]: 0 processes are found.
[  0]: 0 threads are found.

bash-4.2$ ps axg|grep mcexec
31727 pts/1    S+     0:00 grep mcexec
bash-4.2$ ./mck-mcexec.sh ./killit -np 16 -t 2000 - ./signalonfork -nosignal
SUCCESS kmsg
SUCCESS clear_kmsg
SUCCESS mcexec
SUCCESS ./killit -np 16 -t 2000 mcexec ./signalonfork -nosignal
SUCCESS kmsg
FAIL kmsg 29 lines
[  8]: do_syscall: proxy PID 31749 is dead, terminate()
[  8]: ERROR: forking host process
[  2]: do_syscall: proxy PID 31759 is dead, terminate()
[  2]: ERROR: forking host process
[  0]: do_syscall: proxy PID 31748 is dead, terminate()
[  0]: ERROR: forking host process
[  3]: do_syscall: proxy PID 31754 is dead, terminate()
[  3]: ERROR: forking host process
[  5]: do_syscall: proxy PID 31752 is dead, terminate()
[  5]: ERROR: forking host process
[ 11]: do_syscall: proxy PID 31758 is dead, terminate()
[ 11]: ERROR: forking host process
[  9]: do_syscall: proxy PID 31751 is dead, terminate()
[  9]: ERROR: forking host process
[ 13]: do_syscall: proxy PID 31750 is dead, terminate()
[ 13]: ERROR: forking host process
[  7]: do_syscall: proxy PID 31760 is dead, terminate()
[  7]: ERROR: forking host process
[  4]: do_syscall: proxy PID 31761 is dead, terminate()
[  4]: ERROR: forking host process
[  6]: do_syscall: proxy PID 31762 is dead, terminate()
[  6]: ERROR: forking host process
[ 15]: do_syscall: proxy PID 31753 is dead, terminate()
[ 15]: ERROR: forking host process
[ 10]: do_syscall: proxy PID 31755 is dead, terminate()
[ 10]: ERROR: forking host process
[ 14]: do_syscall: proxy PID 31763 is dead, terminate()
[ 14]: ERROR: forking host process

bash-4.2$ ./ihkosctl 0 ioctl 40000000 1
bash-4.2$ ./ihkosctl 0 ioctl 40000000 2
bash-4.2$ ./ihkosctl 0 kmsg
[  8]: do_syscall: proxy PID 31749 is dead, terminate()
[  8]: ERROR: forking host process
[  2]: do_syscall: proxy PID 31759 is dead, terminate()
[  2]: ERROR: forking host process
[  0]: do_syscall: proxy PID 31748 is dead, terminate()
[  0]: ERROR: forking host process
[  3]: do_syscall: proxy PID 31754 is dead, terminate()
[  3]: ERROR: forking host process
[  5]: do_syscall: proxy PID 31752 is dead, terminate()
[  5]: ERROR: forking host process
[ 11]: do_syscall: proxy PID 31758 is dead, terminate()
[ 11]: ERROR: forking host process
[  9]: do_syscall: proxy PID 31751 is dead, terminate()
[  9]: ERROR: forking host process
[ 13]: do_syscall: proxy PID 31750 is dead, terminate()
[ 13]: ERROR: forking host process
[  7]: do_syscall: proxy PID 31760 is dead, terminate()
[  7]: ERROR: forking host process
[  4]: do_syscall: proxy PID 31761 is dead, terminate()
[  4]: ERROR: forking host process
[  6]: do_syscall: proxy PID 31762 is dead, terminate()
[  6]: ERROR: forking host process
[ 15]: do_syscall: proxy PID 31753 is dead, terminate()
[ 15]: ERROR: forking host process
[ 10]: do_syscall: proxy PID 31755 is dead, terminate()
[ 10]: ERROR: forking host process
[ 14]: do_syscall: proxy PID 31763 is dead, terminate()
[ 14]: ERROR: forking host process
[  0]: 0 processes are found.
[  0]: 0 threads are found.

bash-4.2$ ps axg|grep mcexec
 7914 pts/1    S+     0:00 grep mcexec
bash-4.2$ ./mck-mcexec.sh ./killit -np 16 -t 2000 - ./signalonfork -nosignal
SUCCESS kmsg
SUCCESS clear_kmsg
SUCCESS mcexec
SUCCESS ./killit -np 16 -t 2000 mcexec ./signalonfork -nosignal
SUCCESS kmsg
FAIL kmsg 29 lines
[  0]: do_syscall: proxy PID 7929 is dead, terminate()
[  0]: ERROR: forking host process
[  1]: do_syscall: proxy PID 7933 is dead, terminate()
[  1]: ERROR: forking host process
[  5]: do_syscall: proxy PID 7928 is dead, terminate()
[  5]: ERROR: forking host process
[  7]: do_syscall: proxy PID 7934 is dead, terminate()
[  7]: ERROR: forking host process
[  8]: do_syscall: proxy PID 7938 is dead, terminate()
[  8]: ERROR: forking host process
[  4]: do_syscall: proxy PID 7931 is dead, terminate()
[  4]: ERROR: forking host process
[ 14]: do_syscall: proxy PID 7942 is dead, terminate()
[ 14]: ERROR: forking host process
[  6]: do_syscall: proxy PID 7935 is dead, terminate()
[  6]: ERROR: forking host process
[  2]: do_syscall: proxy PID 7936 is dead, terminate()
[  2]: ERROR: forking host process
[ 10]: do_syscall: proxy PID 7932 is dead, terminate()
[ 10]: ERROR: forking host process
[ 13]: do_syscall: proxy PID 7937 is dead, terminate()
[ 13]: ERROR: forking host process
[ 11]: do_syscall: proxy PID 7927 is dead, terminate()
[ 11]: ERROR: forking host process
[  9]: do_syscall: proxy PID 7941 is dead, terminate()
[  9]: ERROR: forking host process
[ 12]: do_syscall: proxy PID 7939 is dead, terminate()
[ 12]: ERROR: forking host process

bash-4.2$ ./ihkosctl 0 ioctl 40000000 1
bash-4.2$ ./ihkosctl 0 ioctl 40000000 2
bash-4.2$ ./ihkosctl 0 kmsg
[  0]: do_syscall: proxy PID 7929 is dead, terminate()
[  0]: ERROR: forking host process
[  1]: do_syscall: proxy PID 7933 is dead, terminate()
[  1]: ERROR: forking host process
[  5]: do_syscall: proxy PID 7928 is dead, terminate()
[  5]: ERROR: forking host process
[  7]: do_syscall: proxy PID 7934 is dead, terminate()
[  7]: ERROR: forking host process
[  8]: do_syscall: proxy PID 7938 is dead, terminate()
[  8]: ERROR: forking host process
[  4]: do_syscall: proxy PID 7931 is dead, terminate()
[  4]: ERROR: forking host process
[ 14]: do_syscall: proxy PID 7942 is dead, terminate()
[ 14]: ERROR: forking host process
[  6]: do_syscall: proxy PID 7935 is dead, terminate()
[  6]: ERROR: forking host process
[  2]: do_syscall: proxy PID 7936 is dead, terminate()
[  2]: ERROR: forking host process
[ 10]: do_syscall: proxy PID 7932 is dead, terminate()
[ 10]: ERROR: forking host process
[ 13]: do_syscall: proxy PID 7937 is dead, terminate()
[ 13]: ERROR: forking host process
[ 11]: do_syscall: proxy PID 7927 is dead, terminate()
[ 11]: ERROR: forking host process
[  9]: do_syscall: proxy PID 7941 is dead, terminate()
[  9]: ERROR: forking host process
[ 12]: do_syscall: proxy PID 7939 is dead, terminate()
[ 12]: ERROR: forking host process
[  0]: 0 processes are found.
[  0]: 0 threads are found.

bash-4.2$ ps axg|grep mcexec
16649 pts/1    S+     0:00 grep mcexec
bash-4.2$ ./mck-mcexec.sh ./killit -np 16 -t 2000 - ./signalonfork -nosignal
SUCCESS kmsg
SUCCESS clear_kmsg
SUCCESS mcexec
SUCCESS ./killit -np 16 -t 2000 mcexec ./signalonfork -nosignal
SUCCESS kmsg
FAIL kmsg 28 lines
[ 12]: do_syscall: proxy PID 16672 is dead, terminate()
[ 12]: ERROR: forking host process
[ 15]: do_syscall: proxy PID 16667 is dead, terminate()
[ 15]: ERROR: forking host process
[ 10]: do_syscall: proxy PID 16676 is dead, terminate()
[ 10]: ERROR: forking host process
[  0]: do_syscall: proxy PID 16664 is dead, terminate()
[  0]: ERROR: forking host process
[  8]: do_syscall: proxy PID 16673 is dead, terminate()
[  8]: ERROR: forking host process
[  2]: do_syscall: proxy PID 16677 is dead, terminate()
[  2]: ERROR: forking host process
[  7]: do_syscall: proxy PID 16662 is dead, terminate()
[  7]: ERROR: forking host process
[  1]: do_syscall: proxy PID 16663 is dead, terminate()
[  1]: ERROR: forking host process
[ 13]: do_syscall: proxy PID 16671 is dead, terminate()
[ 13]: ERROR: forking host process
[  6]: do_syscall: proxy PID 16669 is dead, terminate()
[  6]: ERROR: forking host process
[  3]: do_syscall: proxy PID 16670 is dead, terminate()
[  3]: ERROR: forking host process
[  4]: do_syscall: proxy PID 16666 is dead, terminate()
[  4]: ERROR: forking host process
[  9]: do_syscall: proxy PID 16668 is dead, terminate()
[ 11]: do_syscall: proxy PID 16675 is dead, terminate()
[ 11]: ERROR: forking host process

bash-4.2$ ./ihkosctl 0 ioctl 40000000 1
bash-4.2$ ./ihkosctl 0 ioctl 40000000 2
bash-4.2$ ./ihkosctl 0 kmsg
[ 12]: do_syscall: proxy PID 16672 is dead, terminate()
[ 12]: ERROR: forking host process
[ 15]: do_syscall: proxy PID 16667 is dead, terminate()
[ 15]: ERROR: forking host process
[ 10]: do_syscall: proxy PID 16676 is dead, terminate()
[ 10]: ERROR: forking host process
[  0]: do_syscall: proxy PID 16664 is dead, terminate()
[  0]: ERROR: forking host process
[  8]: do_syscall: proxy PID 16673 is dead, terminate()
[  8]: ERROR: forking host process
[  2]: do_syscall: proxy PID 16677 is dead, terminate()
[  2]: ERROR: forking host process
[  7]: do_syscall: proxy PID 16662 is dead, terminate()
[  7]: ERROR: forking host process
[  1]: do_syscall: proxy PID 16663 is dead, terminate()
[  1]: ERROR: forking host process
[ 13]: do_syscall: proxy PID 16671 is dead, terminate()
[ 13]: ERROR: forking host process
[  6]: do_syscall: proxy PID 16669 is dead, terminate()
[  6]: ERROR: forking host process
[  3]: do_syscall: proxy PID 16670 is dead, terminate()
[  3]: ERROR: forking host process
[  4]: do_syscall: proxy PID 16666 is dead, terminate()
[  4]: ERROR: forking host process
[  9]: do_syscall: proxy PID 16668 is dead, terminate()
[ 11]: do_syscall: proxy PID 16675 is dead, terminate()
[ 11]: ERROR: forking host process
[  0]: 0 processes are found.
[  0]: 0 threads are found.

bash-4.2$ ps axg|grep mcexec
25296 pts/1    S+     0:00 grep mcexec
bash-4.2$ exit
exit

„Çπ„ÇØ„É™„Éó„Éà„ÅØ Thu Feb 22 10:58:33 2018
 „Å´ÁµÇ‰∫Ü„Åó„Åæ„Åó„Åü
